[2024-02-18T19:00:42.751+0000][gc,heap] Heap region size: 1M
[2024-02-18T19:00:42.770+0000][gc     ] Using G1
[2024-02-18T19:00:42.770+0000][gc,heap,coops] Heap address: 0x00000000c0000000, size: 1024 MB, Compressed Oops mode: 32-bit
[2024-02-18T19:00:42.771+0000][gc,cds       ] Mark closed archive regions in map: [0x00000000fff00000, 0x00000000fff6bff8]
[2024-02-18T19:00:42.771+0000][gc,cds       ] Mark open archive regions in map: [0x00000000ffe00000, 0x00000000ffe47ff8]
[2024-02-18T19:00:44.197+0000][gc,start     ] GC(0) Pause Young (Normal) (G1 Evacuation Pause)
[2024-02-18T19:00:44.197+0000][gc,task      ] GC(0) Using 2 workers of 2 for evacuation
[2024-02-18T19:00:44.207+0000][gc,phases    ] GC(0)   Pre Evacuate Collection Set: 0.0ms
[2024-02-18T19:00:44.207+0000][gc,phases    ] GC(0)   Evacuate Collection Set: 9.4ms
[2024-02-18T19:00:44.207+0000][gc,phases    ] GC(0)   Post Evacuate Collection Set: 0.4ms
[2024-02-18T19:00:44.207+0000][gc,phases    ] GC(0)   Other: 0.3ms
[2024-02-18T19:00:44.207+0000][gc,heap      ] GC(0) Eden regions: 51->0(44)
[2024-02-18T19:00:44.207+0000][gc,heap      ] GC(0) Survivor regions: 0->7(7)
[2024-02-18T19:00:44.207+0000][gc,heap      ] GC(0) Old regions: 2->2
[2024-02-18T19:00:44.207+0000][gc,heap      ] GC(0) Humongous regions: 0->0
[2024-02-18T19:00:44.207+0000][gc,metaspace ] GC(0) Metaspace: 16594K(17280K)->16594K(17280K) NonClass: 14397K(14848K)->14397K(14848K) Class: 2196K(2432K)->2196K(2432K)
[2024-02-18T19:00:44.207+0000][gc           ] GC(0) Pause Young (Normal) (G1 Evacuation Pause) 51M->7M(1024M) 10.277ms
[2024-02-18T19:00:44.207+0000][gc,cpu       ] GC(0) User=0.01s Sys=0.00s Real=0.01s
[2024-02-18T19:00:44.579+0000][gc,start     ] GC(1) Pause Young (Concurrent Start) (Metadata GC Threshold)
[2024-02-18T19:00:44.579+0000][gc,task      ] GC(1) Using 2 workers of 2 for evacuation
[2024-02-18T19:00:44.590+0000][gc,phases    ] GC(1)   Pre Evacuate Collection Set: 0.1ms
[2024-02-18T19:00:44.590+0000][gc,phases    ] GC(1)   Evacuate Collection Set: 10.0ms
[2024-02-18T19:00:44.590+0000][gc,phases    ] GC(1)   Post Evacuate Collection Set: 0.3ms
[2024-02-18T19:00:44.590+0000][gc,phases    ] GC(1)   Other: 0.2ms
[2024-02-18T19:00:44.590+0000][gc,heap      ] GC(1) Eden regions: 17->0(50)
[2024-02-18T19:00:44.590+0000][gc,heap      ] GC(1) Survivor regions: 7->1(7)
[2024-02-18T19:00:44.590+0000][gc,heap      ] GC(1) Old regions: 2->9
[2024-02-18T19:00:44.590+0000][gc,heap      ] GC(1) Humongous regions: 0->0
[2024-02-18T19:00:44.590+0000][gc,metaspace ] GC(1) Metaspace: 20504K(21248K)->20504K(21248K) NonClass: 17734K(18176K)->17734K(18176K) Class: 2769K(3072K)->2769K(3072K)
[2024-02-18T19:00:44.590+0000][gc           ] GC(1) Pause Young (Concurrent Start) (Metadata GC Threshold) 23M->7M(1024M) 10.718ms
[2024-02-18T19:00:44.590+0000][gc,cpu       ] GC(1) User=0.02s Sys=0.00s Real=0.01s
[2024-02-18T19:00:44.590+0000][gc           ] GC(2) Concurrent Cycle
[2024-02-18T19:00:44.590+0000][gc,marking   ] GC(2) Concurrent Clear Claimed Marks
[2024-02-18T19:00:44.590+0000][gc,marking   ] GC(2) Concurrent Clear Claimed Marks 0.062ms
[2024-02-18T19:00:44.590+0000][gc,marking   ] GC(2) Concurrent Scan Root Regions
[2024-02-18T19:00:44.592+0000][gc,marking   ] GC(2) Concurrent Scan Root Regions 2.058ms
[2024-02-18T19:00:44.592+0000][gc,marking   ] GC(2) Concurrent Mark (1.845s)
[2024-02-18T19:00:44.592+0000][gc,marking   ] GC(2) Concurrent Mark From Roots
[2024-02-18T19:00:44.593+0000][gc,task      ] GC(2) Using 1 workers of 1 for marking
[2024-02-18T19:00:44.607+0000][gc,marking   ] GC(2) Concurrent Mark From Roots 14.485ms
[2024-02-18T19:00:44.607+0000][gc,marking   ] GC(2) Concurrent Preclean
[2024-02-18T19:00:44.607+0000][gc,marking   ] GC(2) Concurrent Preclean 0.078ms
[2024-02-18T19:00:44.607+0000][gc,marking   ] GC(2) Concurrent Mark (1.845s, 1.859s) 14.674ms
[2024-02-18T19:00:44.607+0000][gc,start     ] GC(2) Pause Remark
[2024-02-18T19:00:44.611+0000][gc,stringtable] GC(2) Cleaned string and symbol table, strings: 5453 processed, 0 removed, symbols: 51567 processed, 52 removed
[2024-02-18T19:00:44.611+0000][gc            ] GC(2) Pause Remark 8M->8M(1024M) 3.471ms
[2024-02-18T19:00:44.611+0000][gc,cpu        ] GC(2) User=0.01s Sys=0.00s Real=0.00s
[2024-02-18T19:00:44.611+0000][gc,marking    ] GC(2) Concurrent Rebuild Remembered Sets
[2024-02-18T19:00:44.616+0000][gc,marking    ] GC(2) Concurrent Rebuild Remembered Sets 5.455ms
[2024-02-18T19:00:44.617+0000][gc,start      ] GC(2) Pause Cleanup
[2024-02-18T19:00:44.617+0000][gc            ] GC(2) Pause Cleanup 8M->8M(1024M) 0.189ms
[2024-02-18T19:00:44.617+0000][gc,cpu        ] GC(2) User=0.00s Sys=0.00s Real=0.00s
[2024-02-18T19:00:44.617+0000][gc,marking    ] GC(2) Concurrent Cleanup for Next Mark
[2024-02-18T19:00:44.630+0000][gc,marking    ] GC(2) Concurrent Cleanup for Next Mark 13.132ms
[2024-02-18T19:00:44.630+0000][gc            ] GC(2) Concurrent Cycle 40.101ms
[2024-02-18T19:00:45.824+0000][gc,start      ] GC(3) Pause Young (Normal) (G1 Evacuation Pause)
[2024-02-18T19:00:45.824+0000][gc,task       ] GC(3) Using 2 workers of 2 for evacuation
[2024-02-18T19:00:45.846+0000][gc,mmu        ] GC(3) MMU target violated: 21.0ms (20.0ms/21.0ms)
[2024-02-18T19:00:45.846+0000][gc,phases     ] GC(3)   Pre Evacuate Collection Set: 0.0ms
[2024-02-18T19:00:45.846+0000][gc,phases     ] GC(3)   Evacuate Collection Set: 18.8ms
[2024-02-18T19:00:45.846+0000][gc,phases     ] GC(3)   Post Evacuate Collection Set: 3.2ms
[2024-02-18T19:00:45.846+0000][gc,phases     ] GC(3)   Other: 0.3ms
[2024-02-18T19:00:45.846+0000][gc,heap       ] GC(3) Eden regions: 50->0(46)
[2024-02-18T19:00:45.846+0000][gc,heap       ] GC(3) Survivor regions: 1->5(7)
[2024-02-18T19:00:45.846+0000][gc,heap       ] GC(3) Old regions: 9->9
[2024-02-18T19:00:45.846+0000][gc,heap       ] GC(3) Humongous regions: 129->129
[2024-02-18T19:00:45.846+0000][gc,metaspace  ] GC(3) Metaspace: 29140K(30208K)->29140K(30208K) NonClass: 25473K(26112K)->25473K(26112K) Class: 3667K(4096K)->3667K(4096K)
[2024-02-18T19:00:45.846+0000][gc            ] GC(3) Pause Young (Normal) (G1 Evacuation Pause) 186M->140M(1024M) 22.414ms
[2024-02-18T19:00:45.846+0000][gc,cpu        ] GC(3) User=0.02s Sys=0.00s Real=0.02s
[2024-02-18T19:00:46.345+0000][gc,start      ] GC(4) Pause Young (Concurrent Start) (Metadata GC Threshold)
[2024-02-18T19:00:46.345+0000][gc,task       ] GC(4) Using 2 workers of 2 for evacuation
[2024-02-18T19:00:46.353+0000][gc,phases     ] GC(4)   Pre Evacuate Collection Set: 0.1ms
[2024-02-18T19:00:46.353+0000][gc,phases     ] GC(4)   Evacuate Collection Set: 8.1ms
[2024-02-18T19:00:46.353+0000][gc,phases     ] GC(4)   Post Evacuate Collection Set: 0.3ms
[2024-02-18T19:00:46.353+0000][gc,phases     ] GC(4)   Other: 0.2ms
[2024-02-18T19:00:46.353+0000][gc,heap       ] GC(4) Eden regions: 25->0(49)
[2024-02-18T19:00:46.353+0000][gc,heap       ] GC(4) Survivor regions: 5->2(7)
[2024-02-18T19:00:46.353+0000][gc,heap       ] GC(4) Old regions: 9->13
[2024-02-18T19:00:46.353+0000][gc,heap       ] GC(4) Humongous regions: 129->129
[2024-02-18T19:00:46.353+0000][gc,metaspace  ] GC(4) Metaspace: 34451K(35840K)->34451K(35840K) NonClass: 30184K(30976K)->30184K(30976K) Class: 4266K(4864K)->4266K(4864K)
[2024-02-18T19:00:46.353+0000][gc            ] GC(4) Pause Young (Concurrent Start) (Metadata GC Threshold) 164M->142M(1024M) 8.930ms
[2024-02-18T19:00:46.354+0000][gc,cpu        ] GC(4) User=0.02s Sys=0.00s Real=0.01s
[2024-02-18T19:00:46.354+0000][gc            ] GC(5) Concurrent Cycle
[2024-02-18T19:00:46.354+0000][gc,marking    ] GC(5) Concurrent Clear Claimed Marks
[2024-02-18T19:00:46.354+0000][gc,marking    ] GC(5) Concurrent Clear Claimed Marks 0.105ms
[2024-02-18T19:00:46.354+0000][gc,marking    ] GC(5) Concurrent Scan Root Regions
[2024-02-18T19:00:46.355+0000][gc,marking    ] GC(5) Concurrent Scan Root Regions 1.665ms
[2024-02-18T19:00:46.356+0000][gc,marking    ] GC(5) Concurrent Mark (3.608s)
[2024-02-18T19:00:46.356+0000][gc,marking    ] GC(5) Concurrent Mark From Roots
[2024-02-18T19:00:46.356+0000][gc,task       ] GC(5) Using 1 workers of 1 for marking
[2024-02-18T19:00:46.382+0000][gc,marking    ] GC(5) Concurrent Mark From Roots 26.010ms
[2024-02-18T19:00:46.382+0000][gc,marking    ] GC(5) Concurrent Preclean
[2024-02-18T19:00:46.382+0000][gc,marking    ] GC(5) Concurrent Preclean 0.100ms
[2024-02-18T19:00:46.382+0000][gc,marking    ] GC(5) Concurrent Mark (3.608s, 3.634s) 26.237ms
[2024-02-18T19:00:46.382+0000][gc,start      ] GC(5) Pause Remark
[2024-02-18T19:00:46.386+0000][gc,stringtable] GC(5) Cleaned string and symbol table, strings: 10244 processed, 11 removed, symbols: 80656 processed, 22 removed
[2024-02-18T19:00:46.386+0000][gc            ] GC(5) Pause Remark 143M->143M(1024M) 4.299ms
[2024-02-18T19:00:46.386+0000][gc,cpu        ] GC(5) User=0.01s Sys=0.00s Real=0.00s
[2024-02-18T19:00:46.387+0000][gc,marking    ] GC(5) Concurrent Rebuild Remembered Sets
[2024-02-18T19:00:46.401+0000][gc,marking    ] GC(5) Concurrent Rebuild Remembered Sets 14.701ms
[2024-02-18T19:00:46.401+0000][gc,start      ] GC(5) Pause Cleanup
[2024-02-18T19:00:46.402+0000][gc            ] GC(5) Pause Cleanup 144M->144M(1024M) 0.131ms
[2024-02-18T19:00:46.402+0000][gc,cpu        ] GC(5) User=0.00s Sys=0.00s Real=0.00s
[2024-02-18T19:00:46.402+0000][gc,marking    ] GC(5) Concurrent Cleanup for Next Mark
[2024-02-18T19:00:46.407+0000][gc,marking    ] GC(5) Concurrent Cleanup for Next Mark 5.168ms
[2024-02-18T19:00:46.407+0000][gc            ] GC(5) Concurrent Cycle 53.242ms
[2024-02-18T19:03:33.566+0000][gc,heap,exit  ] Heap
[2024-02-18T19:03:33.566+0000][gc,heap,exit  ]  garbage-first heap   total 1048576K, used 193826K [0x00000000c0000000, 0x0000000100000000)
[2024-02-18T19:03:33.566+0000][gc,heap,exit  ]   region size 1024K, 45 young (46080K), 2 survivors (2048K)
[2024-02-18T19:03:33.566+0000][gc,heap,exit  ]  Metaspace       used 39856K, capacity 41848K, committed 41932K, reserved 1085440K
[2024-02-18T19:03:33.566+0000][gc,heap,exit  ]   class space    used 5162K, capacity 6113K, committed 6144K, reserved 1048576K
