[2024-02-18T19:10:55.838+0000][gc,heap] Heap region size: 1M
[2024-02-18T19:10:55.864+0000][gc     ] Using G1
[2024-02-18T19:10:55.864+0000][gc,heap,coops] Heap address: 0x00000000c0000000, size: 1024 MB, Compressed Oops mode: 32-bit
[2024-02-18T19:10:55.864+0000][gc,cds       ] Mark closed archive regions in map: [0x00000000fff00000, 0x00000000fff6bff8]
[2024-02-18T19:10:55.864+0000][gc,cds       ] Mark open archive regions in map: [0x00000000ffe00000, 0x00000000ffe47ff8]
[2024-02-18T19:10:57.032+0000][gc,start     ] GC(0) Pause Young (Normal) (G1 Evacuation Pause)
[2024-02-18T19:10:57.032+0000][gc,task      ] GC(0) Using 2 workers of 2 for evacuation
[2024-02-18T19:10:57.043+0000][gc,phases    ] GC(0)   Pre Evacuate Collection Set: 0.0ms
[2024-02-18T19:10:57.043+0000][gc,phases    ] GC(0)   Evacuate Collection Set: 9.7ms
[2024-02-18T19:10:57.043+0000][gc,phases    ] GC(0)   Post Evacuate Collection Set: 0.4ms
[2024-02-18T19:10:57.043+0000][gc,phases    ] GC(0)   Other: 0.3ms
[2024-02-18T19:10:57.043+0000][gc,heap      ] GC(0) Eden regions: 51->0(44)
[2024-02-18T19:10:57.043+0000][gc,heap      ] GC(0) Survivor regions: 0->7(7)
[2024-02-18T19:10:57.043+0000][gc,heap      ] GC(0) Old regions: 2->2
[2024-02-18T19:10:57.043+0000][gc,heap      ] GC(0) Humongous regions: 0->0
[2024-02-18T19:10:57.043+0000][gc,metaspace ] GC(0) Metaspace: 16754K(17280K)->16754K(17280K) NonClass: 14542K(14848K)->14542K(14848K) Class: 2212K(2432K)->2212K(2432K)
[2024-02-18T19:10:57.043+0000][gc           ] GC(0) Pause Young (Normal) (G1 Evacuation Pause) 51M->7M(1024M) 10.482ms
[2024-02-18T19:10:57.043+0000][gc,cpu       ] GC(0) User=0.02s Sys=0.00s Real=0.01s
[2024-02-18T19:10:57.296+0000][gc,start     ] GC(1) Pause Young (Concurrent Start) (Metadata GC Threshold)
[2024-02-18T19:10:57.296+0000][gc,task      ] GC(1) Using 2 workers of 2 for evacuation
[2024-02-18T19:10:57.312+0000][gc,phases    ] GC(1)   Pre Evacuate Collection Set: 0.1ms
[2024-02-18T19:10:57.312+0000][gc,phases    ] GC(1)   Evacuate Collection Set: 16.1ms
[2024-02-18T19:10:57.312+0000][gc,phases    ] GC(1)   Post Evacuate Collection Set: 0.3ms
[2024-02-18T19:10:57.312+0000][gc,phases    ] GC(1)   Other: 0.3ms
[2024-02-18T19:10:57.312+0000][gc,heap      ] GC(1) Eden regions: 17->0(50)
[2024-02-18T19:10:57.312+0000][gc,heap      ] GC(1) Survivor regions: 7->1(7)
[2024-02-18T19:10:57.312+0000][gc,heap      ] GC(1) Old regions: 2->9
[2024-02-18T19:10:57.312+0000][gc,heap      ] GC(1) Humongous regions: 0->0
[2024-02-18T19:10:57.312+0000][gc,metaspace ] GC(1) Metaspace: 20562K(21248K)->20562K(21248K) NonClass: 17793K(18176K)->17793K(18176K) Class: 2769K(3072K)->2769K(3072K)
[2024-02-18T19:10:57.312+0000][gc           ] GC(1) Pause Young (Concurrent Start) (Metadata GC Threshold) 23M->7M(1024M) 16.810ms
[2024-02-18T19:10:57.312+0000][gc,cpu       ] GC(1) User=0.02s Sys=0.01s Real=0.01s
[2024-02-18T19:10:57.313+0000][gc           ] GC(2) Concurrent Cycle
[2024-02-18T19:10:57.313+0000][gc,marking   ] GC(2) Concurrent Clear Claimed Marks
[2024-02-18T19:10:57.313+0000][gc,marking   ] GC(2) Concurrent Clear Claimed Marks 0.041ms
[2024-02-18T19:10:57.313+0000][gc,marking   ] GC(2) Concurrent Scan Root Regions
[2024-02-18T19:10:57.314+0000][gc,marking   ] GC(2) Concurrent Scan Root Regions 1.754ms
[2024-02-18T19:10:57.314+0000][gc,marking   ] GC(2) Concurrent Mark (1.480s)
[2024-02-18T19:10:57.314+0000][gc,marking   ] GC(2) Concurrent Mark From Roots
[2024-02-18T19:10:57.315+0000][gc,task      ] GC(2) Using 1 workers of 1 for marking
[2024-02-18T19:10:57.327+0000][gc,marking   ] GC(2) Concurrent Mark From Roots 12.340ms
[2024-02-18T19:10:57.327+0000][gc,marking   ] GC(2) Concurrent Preclean
[2024-02-18T19:10:57.327+0000][gc,marking   ] GC(2) Concurrent Preclean 0.083ms
[2024-02-18T19:10:57.327+0000][gc,marking   ] GC(2) Concurrent Mark (1.480s, 1.493s) 12.542ms
[2024-02-18T19:10:57.327+0000][gc,start     ] GC(2) Pause Remark
[2024-02-18T19:10:57.332+0000][gc,stringtable] GC(2) Cleaned string and symbol table, strings: 5522 processed, 0 removed, symbols: 51469 processed, 46 removed
[2024-02-18T19:10:57.332+0000][gc            ] GC(2) Pause Remark 8M->8M(1024M) 4.978ms
[2024-02-18T19:10:57.332+0000][gc,cpu        ] GC(2) User=0.01s Sys=0.00s Real=0.01s
[2024-02-18T19:10:57.332+0000][gc,marking    ] GC(2) Concurrent Rebuild Remembered Sets
[2024-02-18T19:10:57.343+0000][gc,marking    ] GC(2) Concurrent Rebuild Remembered Sets 10.548ms
[2024-02-18T19:10:57.343+0000][gc,start      ] GC(2) Pause Cleanup
[2024-02-18T19:10:57.343+0000][gc            ] GC(2) Pause Cleanup 8M->8M(1024M) 0.195ms
[2024-02-18T19:10:57.343+0000][gc,cpu        ] GC(2) User=0.00s Sys=0.00s Real=0.00s
[2024-02-18T19:10:57.343+0000][gc,marking    ] GC(2) Concurrent Cleanup for Next Mark
[2024-02-18T19:10:57.357+0000][gc,marking    ] GC(2) Concurrent Cleanup for Next Mark 13.699ms
[2024-02-18T19:10:57.357+0000][gc            ] GC(2) Concurrent Cycle 44.701ms
[2024-02-18T19:10:58.360+0000][gc,start      ] GC(3) Pause Young (Normal) (G1 Evacuation Pause)
[2024-02-18T19:10:58.360+0000][gc,task       ] GC(3) Using 2 workers of 2 for evacuation
[2024-02-18T19:10:58.367+0000][gc,phases     ] GC(3)   Pre Evacuate Collection Set: 0.0ms
[2024-02-18T19:10:58.367+0000][gc,phases     ] GC(3)   Evacuate Collection Set: 7.1ms
[2024-02-18T19:10:58.367+0000][gc,phases     ] GC(3)   Post Evacuate Collection Set: 0.2ms
[2024-02-18T19:10:58.367+0000][gc,phases     ] GC(3)   Other: 0.1ms
[2024-02-18T19:10:58.367+0000][gc,heap       ] GC(3) Eden regions: 50->0(46)
[2024-02-18T19:10:58.367+0000][gc,heap       ] GC(3) Survivor regions: 1->5(7)
[2024-02-18T19:10:58.367+0000][gc,heap       ] GC(3) Old regions: 9->9
[2024-02-18T19:10:58.367+0000][gc,heap       ] GC(3) Humongous regions: 129->129
[2024-02-18T19:10:58.367+0000][gc,metaspace  ] GC(3) Metaspace: 29040K(30208K)->29040K(30208K) NonClass: 25375K(26112K)->25375K(26112K) Class: 3664K(4096K)->3664K(4096K)
[2024-02-18T19:10:58.367+0000][gc            ] GC(3) Pause Young (Normal) (G1 Evacuation Pause) 186M->140M(1024M) 7.680ms
[2024-02-18T19:10:58.367+0000][gc,cpu        ] GC(3) User=0.01s Sys=0.00s Real=0.01s
[2024-02-18T19:10:59.024+0000][gc,start      ] GC(4) Pause Young (Concurrent Start) (Metadata GC Threshold)
[2024-02-18T19:10:59.025+0000][gc,task       ] GC(4) Using 2 workers of 2 for evacuation
[2024-02-18T19:10:59.048+0000][gc,mmu        ] GC(4) MMU target violated: 21.0ms (20.0ms/21.0ms)
[2024-02-18T19:10:59.048+0000][gc,phases     ] GC(4)   Pre Evacuate Collection Set: 0.1ms
[2024-02-18T19:10:59.048+0000][gc,phases     ] GC(4)   Evacuate Collection Set: 22.5ms
[2024-02-18T19:10:59.048+0000][gc,phases     ] GC(4)   Post Evacuate Collection Set: 0.3ms
[2024-02-18T19:10:59.048+0000][gc,phases     ] GC(4)   Other: 0.2ms
[2024-02-18T19:10:59.048+0000][gc,heap       ] GC(4) Eden regions: 24->0(49)
[2024-02-18T19:10:59.048+0000][gc,heap       ] GC(4) Survivor regions: 5->2(7)
[2024-02-18T19:10:59.048+0000][gc,heap       ] GC(4) Old regions: 9->13
[2024-02-18T19:10:59.048+0000][gc,heap       ] GC(4) Humongous regions: 129->129
[2024-02-18T19:10:59.048+0000][gc,metaspace  ] GC(4) Metaspace: 34430K(35840K)->34430K(35840K) NonClass: 30167K(30976K)->30167K(30976K) Class: 4262K(4864K)->4262K(4864K)
[2024-02-18T19:10:59.048+0000][gc            ] GC(4) Pause Young (Concurrent Start) (Metadata GC Threshold) 164M->142M(1024M) 23.309ms
[2024-02-18T19:10:59.048+0000][gc,cpu        ] GC(4) User=0.01s Sys=0.00s Real=0.03s
[2024-02-18T19:10:59.048+0000][gc            ] GC(5) Concurrent Cycle
[2024-02-18T19:10:59.048+0000][gc,marking    ] GC(5) Concurrent Clear Claimed Marks
[2024-02-18T19:10:59.048+0000][gc,marking    ] GC(5) Concurrent Clear Claimed Marks 0.044ms
[2024-02-18T19:10:59.048+0000][gc,marking    ] GC(5) Concurrent Scan Root Regions
[2024-02-18T19:10:59.051+0000][gc,marking    ] GC(5) Concurrent Scan Root Regions 3.019ms
[2024-02-18T19:10:59.051+0000][gc,marking    ] GC(5) Concurrent Mark (3.217s)
[2024-02-18T19:10:59.051+0000][gc,marking    ] GC(5) Concurrent Mark From Roots
[2024-02-18T19:10:59.051+0000][gc,task       ] GC(5) Using 1 workers of 1 for marking
[2024-02-18T19:10:59.078+0000][gc,marking    ] GC(5) Concurrent Mark From Roots 26.854ms
[2024-02-18T19:10:59.078+0000][gc,marking    ] GC(5) Concurrent Preclean
[2024-02-18T19:10:59.078+0000][gc,marking    ] GC(5) Concurrent Preclean 0.086ms
[2024-02-18T19:10:59.078+0000][gc,marking    ] GC(5) Concurrent Mark (3.217s, 3.244s) 27.031ms
[2024-02-18T19:10:59.082+0000][gc,start      ] GC(5) Pause Remark
[2024-02-18T19:10:59.094+0000][gc,stringtable] GC(5) Cleaned string and symbol table, strings: 10223 processed, 11 removed, symbols: 80319 processed, 26 removed
[2024-02-18T19:10:59.094+0000][gc            ] GC(5) Pause Remark 142M->142M(1024M) 11.847ms
[2024-02-18T19:10:59.094+0000][gc,cpu        ] GC(5) User=0.01s Sys=0.00s Real=0.01s
[2024-02-18T19:10:59.094+0000][gc,marking    ] GC(5) Concurrent Rebuild Remembered Sets
[2024-02-18T19:10:59.120+0000][gc,marking    ] GC(5) Concurrent Rebuild Remembered Sets 25.613ms
[2024-02-18T19:10:59.124+0000][gc,start      ] GC(5) Pause Cleanup
[2024-02-18T19:10:59.124+0000][gc            ] GC(5) Pause Cleanup 143M->143M(1024M) 0.255ms
[2024-02-18T19:10:59.124+0000][gc,cpu        ] GC(5) User=0.00s Sys=0.00s Real=0.00s
[2024-02-18T19:10:59.127+0000][gc,marking    ] GC(5) Concurrent Cleanup for Next Mark
[2024-02-18T19:10:59.140+0000][gc,marking    ] GC(5) Concurrent Cleanup for Next Mark 12.618ms
[2024-02-18T19:10:59.140+0000][gc            ] GC(5) Concurrent Cycle 91.916ms
[2024-02-18T19:11:59.288+0000][gc,heap,exit  ] Heap
[2024-02-18T19:11:59.288+0000][gc,heap,exit  ]  garbage-first heap   total 1048576K, used 204845K [0x00000000c0000000, 0x0000000100000000)
[2024-02-18T19:11:59.288+0000][gc,heap,exit  ]   region size 1024K, 37 young (37888K), 2 survivors (2048K)
[2024-02-18T19:11:59.288+0000][gc,heap,exit  ]  Metaspace       used 39164K, capacity 41129K, committed 41216K, reserved 1085440K
[2024-02-18T19:11:59.288+0000][gc,heap,exit  ]   class space    used 5148K, capacity 6103K, committed 6144K, reserved 1048576K
