[2024-02-18T18:39:24.544+0000][gc,heap] Heap region size: 1M
[2024-02-18T18:39:24.563+0000][gc     ] Using G1
[2024-02-18T18:39:24.563+0000][gc,heap,coops] Heap address: 0x00000000c0000000, size: 1024 MB, Compressed Oops mode: 32-bit
[2024-02-18T18:39:24.563+0000][gc,cds       ] Mark closed archive regions in map: [0x00000000fff00000, 0x00000000fff6bff8]
[2024-02-18T18:39:24.564+0000][gc,cds       ] Mark open archive regions in map: [0x00000000ffe00000, 0x00000000ffe47ff8]
[2024-02-18T18:39:26.043+0000][gc,start     ] GC(0) Pause Young (Normal) (G1 Evacuation Pause)
[2024-02-18T18:39:26.043+0000][gc,task      ] GC(0) Using 2 workers of 2 for evacuation
[2024-02-18T18:39:26.058+0000][gc,phases    ] GC(0)   Pre Evacuate Collection Set: 0.0ms
[2024-02-18T18:39:26.058+0000][gc,phases    ] GC(0)   Evacuate Collection Set: 10.6ms
[2024-02-18T18:39:26.059+0000][gc,phases    ] GC(0)   Post Evacuate Collection Set: 0.3ms
[2024-02-18T18:39:26.059+0000][gc,phases    ] GC(0)   Other: 4.3ms
[2024-02-18T18:39:26.059+0000][gc,heap      ] GC(0) Eden regions: 51->0(44)
[2024-02-18T18:39:26.059+0000][gc,heap      ] GC(0) Survivor regions: 0->7(7)
[2024-02-18T18:39:26.059+0000][gc,heap      ] GC(0) Old regions: 2->2
[2024-02-18T18:39:26.059+0000][gc,heap      ] GC(0) Humongous regions: 0->0
[2024-02-18T18:39:26.059+0000][gc,metaspace ] GC(0) Metaspace: 16785K(17536K)->16785K(17536K) NonClass: 14571K(15104K)->14571K(15104K) Class: 2213K(2432K)->2213K(2432K)
[2024-02-18T18:39:26.059+0000][gc           ] GC(0) Pause Young (Normal) (G1 Evacuation Pause) 51M->7M(1024M) 15.996ms
[2024-02-18T18:39:26.059+0000][gc,cpu       ] GC(0) User=0.01s Sys=0.01s Real=0.02s
[2024-02-18T18:39:26.527+0000][gc,start     ] GC(1) Pause Young (Concurrent Start) (Metadata GC Threshold)
[2024-02-18T18:39:26.527+0000][gc,task      ] GC(1) Using 2 workers of 2 for evacuation
[2024-02-18T18:39:26.547+0000][gc,mmu       ] GC(1) MMU target violated: 20.4ms (20.0ms/21.0ms)
[2024-02-18T18:39:26.547+0000][gc,phases    ] GC(1)   Pre Evacuate Collection Set: 0.1ms
[2024-02-18T18:39:26.547+0000][gc,phases    ] GC(1)   Evacuate Collection Set: 20.0ms
[2024-02-18T18:39:26.547+0000][gc,phases    ] GC(1)   Post Evacuate Collection Set: 0.3ms
[2024-02-18T18:39:26.547+0000][gc,phases    ] GC(1)   Other: 0.2ms
[2024-02-18T18:39:26.547+0000][gc,heap      ] GC(1) Eden regions: 16->0(50)
[2024-02-18T18:39:26.547+0000][gc,heap      ] GC(1) Survivor regions: 7->1(7)
[2024-02-18T18:39:26.547+0000][gc,heap      ] GC(1) Old regions: 2->9
[2024-02-18T18:39:26.547+0000][gc,heap      ] GC(1) Humongous regions: 0->0
[2024-02-18T18:39:26.547+0000][gc,metaspace ] GC(1) Metaspace: 20555K(21248K)->20555K(21248K) NonClass: 17752K(18176K)->17752K(18176K) Class: 2802K(3072K)->2802K(3072K)
[2024-02-18T18:39:26.547+0000][gc           ] GC(1) Pause Young (Concurrent Start) (Metadata GC Threshold) 23M->7M(1024M) 20.705ms
[2024-02-18T18:39:26.547+0000][gc,cpu       ] GC(1) User=0.02s Sys=0.01s Real=0.03s
[2024-02-18T18:39:26.547+0000][gc           ] GC(2) Concurrent Cycle
[2024-02-18T18:39:26.547+0000][gc,marking   ] GC(2) Concurrent Clear Claimed Marks
[2024-02-18T18:39:26.547+0000][gc,marking   ] GC(2) Concurrent Clear Claimed Marks 0.033ms
[2024-02-18T18:39:26.547+0000][gc,marking   ] GC(2) Concurrent Scan Root Regions
[2024-02-18T18:39:26.548+0000][gc,marking   ] GC(2) Concurrent Scan Root Regions 0.736ms
[2024-02-18T18:39:26.548+0000][gc,marking   ] GC(2) Concurrent Mark (2.007s)
[2024-02-18T18:39:26.548+0000][gc,marking   ] GC(2) Concurrent Mark From Roots
[2024-02-18T18:39:26.548+0000][gc,task      ] GC(2) Using 1 workers of 1 for marking
[2024-02-18T18:39:26.560+0000][gc,marking   ] GC(2) Concurrent Mark From Roots 11.806ms
[2024-02-18T18:39:26.560+0000][gc,marking   ] GC(2) Concurrent Preclean
[2024-02-18T18:39:26.560+0000][gc,marking   ] GC(2) Concurrent Preclean 0.070ms
[2024-02-18T18:39:26.560+0000][gc,marking   ] GC(2) Concurrent Mark (2.007s, 2.019s) 11.958ms
[2024-02-18T18:39:26.560+0000][gc,start     ] GC(2) Pause Remark
[2024-02-18T18:39:26.565+0000][gc,stringtable] GC(2) Cleaned string and symbol table, strings: 5530 processed, 0 removed, symbols: 50557 processed, 50 removed
[2024-02-18T18:39:26.565+0000][gc            ] GC(2) Pause Remark 8M->8M(1024M) 4.736ms
[2024-02-18T18:39:26.565+0000][gc,cpu        ] GC(2) User=0.01s Sys=0.00s Real=0.00s
[2024-02-18T18:39:26.565+0000][gc,marking    ] GC(2) Concurrent Rebuild Remembered Sets
[2024-02-18T18:39:26.571+0000][gc,marking    ] GC(2) Concurrent Rebuild Remembered Sets 5.686ms
[2024-02-18T18:39:26.571+0000][gc,start      ] GC(2) Pause Cleanup
[2024-02-18T18:39:26.572+0000][gc            ] GC(2) Pause Cleanup 8M->8M(1024M) 0.280ms
[2024-02-18T18:39:26.572+0000][gc,cpu        ] GC(2) User=0.00s Sys=0.00s Real=0.00s
[2024-02-18T18:39:26.572+0000][gc,marking    ] GC(2) Concurrent Cleanup for Next Mark
[2024-02-18T18:39:26.583+0000][gc,marking    ] GC(2) Concurrent Cleanup for Next Mark 10.751ms
[2024-02-18T18:39:26.583+0000][gc            ] GC(2) Concurrent Cycle 35.627ms
[2024-02-18T18:39:27.811+0000][gc,start      ] GC(3) Pause Young (Normal) (G1 Evacuation Pause)
[2024-02-18T18:39:27.811+0000][gc,task       ] GC(3) Using 2 workers of 2 for evacuation
[2024-02-18T18:39:27.818+0000][gc,phases     ] GC(3)   Pre Evacuate Collection Set: 0.0ms
[2024-02-18T18:39:27.818+0000][gc,phases     ] GC(3)   Evacuate Collection Set: 6.7ms
[2024-02-18T18:39:27.819+0000][gc,phases     ] GC(3)   Post Evacuate Collection Set: 0.4ms
[2024-02-18T18:39:27.819+0000][gc,phases     ] GC(3)   Other: 0.4ms
[2024-02-18T18:39:27.819+0000][gc,heap       ] GC(3) Eden regions: 50->0(46)
[2024-02-18T18:39:27.819+0000][gc,heap       ] GC(3) Survivor regions: 1->5(7)
[2024-02-18T18:39:27.819+0000][gc,heap       ] GC(3) Old regions: 9->9
[2024-02-18T18:39:27.819+0000][gc,heap       ] GC(3) Humongous regions: 129->129
[2024-02-18T18:39:27.819+0000][gc,metaspace  ] GC(3) Metaspace: 30439K(31612K)->30439K(31612K) NonClass: 26673K(27392K)->26673K(27392K) Class: 3766K(4220K)->3766K(4220K)
[2024-02-18T18:39:27.819+0000][gc            ] GC(3) Pause Young (Normal) (G1 Evacuation Pause) 186M->140M(1024M) 8.011ms
[2024-02-18T18:39:27.819+0000][gc,cpu        ] GC(3) User=0.01s Sys=0.00s Real=0.01s
[2024-02-18T18:40:03.995+0000][gc,start      ] GC(4) Pause Young (Concurrent Start) (Metadata GC Threshold)
[2024-02-18T18:40:03.995+0000][gc,task       ] GC(4) Using 2 workers of 2 for evacuation
[2024-02-18T18:40:04.003+0000][gc,phases     ] GC(4)   Pre Evacuate Collection Set: 0.1ms
[2024-02-18T18:40:04.003+0000][gc,phases     ] GC(4)   Evacuate Collection Set: 6.8ms
[2024-02-18T18:40:04.003+0000][gc,phases     ] GC(4)   Post Evacuate Collection Set: 0.3ms
[2024-02-18T18:40:04.003+0000][gc,phases     ] GC(4)   Other: 0.2ms
[2024-02-18T18:40:04.003+0000][gc,heap       ] GC(4) Eden regions: 19->0(49)
[2024-02-18T18:40:04.003+0000][gc,heap       ] GC(4) Survivor regions: 5->2(7)
[2024-02-18T18:40:04.003+0000][gc,heap       ] GC(4) Old regions: 9->13
[2024-02-18T18:40:04.003+0000][gc,heap       ] GC(4) Humongous regions: 129->129
[2024-02-18T18:40:04.003+0000][gc,metaspace  ] GC(4) Metaspace: 34470K(36048K)->34470K(36048K) NonClass: 30096K(30932K)->30096K(30932K) Class: 4374K(5116K)->4374K(5116K)
[2024-02-18T18:40:04.003+0000][gc            ] GC(4) Pause Young (Concurrent Start) (Metadata GC Threshold) 159M->141M(1024M) 7.573ms
[2024-02-18T18:40:04.003+0000][gc,cpu        ] GC(4) User=0.01s Sys=0.00s Real=0.00s
[2024-02-18T18:40:04.003+0000][gc            ] GC(5) Concurrent Cycle
[2024-02-18T18:40:04.003+0000][gc,marking    ] GC(5) Concurrent Clear Claimed Marks
[2024-02-18T18:40:04.003+0000][gc,marking    ] GC(5) Concurrent Clear Claimed Marks 0.069ms
[2024-02-18T18:40:04.003+0000][gc,marking    ] GC(5) Concurrent Scan Root Regions
[2024-02-18T18:40:04.004+0000][gc,marking    ] GC(5) Concurrent Scan Root Regions 0.978ms
[2024-02-18T18:40:04.004+0000][gc,marking    ] GC(5) Concurrent Mark (39.463s)
[2024-02-18T18:40:04.004+0000][gc,marking    ] GC(5) Concurrent Mark From Roots
[2024-02-18T18:40:04.004+0000][gc,task       ] GC(5) Using 1 workers of 1 for marking
[2024-02-18T18:40:04.028+0000][gc,marking    ] GC(5) Concurrent Mark From Roots 23.621ms
[2024-02-18T18:40:04.028+0000][gc,marking    ] GC(5) Concurrent Preclean
[2024-02-18T18:40:04.028+0000][gc,marking    ] GC(5) Concurrent Preclean 0.207ms
[2024-02-18T18:40:04.028+0000][gc,marking    ] GC(5) Concurrent Mark (39.463s, 39.487s) 24.058ms
[2024-02-18T18:40:04.029+0000][gc,start      ] GC(5) Pause Remark
[2024-02-18T18:40:04.033+0000][gc,stringtable] GC(5) Cleaned string and symbol table, strings: 10036 processed, 10 removed, symbols: 80041 processed, 20 removed
[2024-02-18T18:40:04.033+0000][gc            ] GC(5) Pause Remark 143M->143M(1024M) 4.746ms
[2024-02-18T18:40:04.033+0000][gc,cpu        ] GC(5) User=0.01s Sys=0.00s Real=0.00s
[2024-02-18T18:40:04.034+0000][gc,marking    ] GC(5) Concurrent Rebuild Remembered Sets
[2024-02-18T18:40:04.044+0000][gc,marking    ] GC(5) Concurrent Rebuild Remembered Sets 10.143ms
[2024-02-18T18:40:04.044+0000][gc,start      ] GC(5) Pause Cleanup
[2024-02-18T18:40:04.044+0000][gc            ] GC(5) Pause Cleanup 144M->144M(1024M) 0.165ms
[2024-02-18T18:40:04.044+0000][gc,cpu        ] GC(5) User=0.00s Sys=0.00s Real=0.00s
[2024-02-18T18:40:04.044+0000][gc,marking    ] GC(5) Concurrent Cleanup for Next Mark
[2024-02-18T18:40:04.062+0000][gc,marking    ] GC(5) Concurrent Cleanup for Next Mark 17.840ms
[2024-02-18T18:40:04.062+0000][gc            ] GC(5) Concurrent Cycle 59.288ms
[2024-02-18T18:49:04.622+0000][gc,start      ] GC(6) Pause Young (Normal) (G1 Evacuation Pause)
[2024-02-18T18:49:04.622+0000][gc,task       ] GC(6) Using 2 workers of 2 for evacuation
[2024-02-18T18:49:04.647+0000][gc,mmu        ] GC(6) MMU target violated: 21.0ms (20.0ms/21.0ms)
[2024-02-18T18:49:04.647+0000][gc,phases     ] GC(6)   Pre Evacuate Collection Set: 0.0ms
[2024-02-18T18:49:04.647+0000][gc,phases     ] GC(6)   Evacuate Collection Set: 23.4ms
[2024-02-18T18:49:04.647+0000][gc,phases     ] GC(6)   Post Evacuate Collection Set: 0.9ms
[2024-02-18T18:49:04.647+0000][gc,phases     ] GC(6)   Other: 0.3ms
[2024-02-18T18:49:04.647+0000][gc,heap       ] GC(6) Eden regions: 49->0(47)
[2024-02-18T18:49:04.647+0000][gc,heap       ] GC(6) Survivor regions: 2->4(7)
[2024-02-18T18:49:04.647+0000][gc,heap       ] GC(6) Old regions: 13->13
[2024-02-18T18:49:04.647+0000][gc,heap       ] GC(6) Humongous regions: 129->129
[2024-02-18T18:49:04.647+0000][gc,metaspace  ] GC(6) Metaspace: 39397K(41552K)->39397K(41552K) NonClass: 34336K(35540K)->34336K(35540K) Class: 5061K(6012K)->5061K(6012K)
[2024-02-18T18:49:04.647+0000][gc            ] GC(6) Pause Young (Normal) (G1 Evacuation Pause) 190M->143M(1024M) 24.673ms
[2024-02-18T18:49:04.647+0000][gc,cpu        ] GC(6) User=0.02s Sys=0.00s Real=0.02s
[2024-02-18T18:50:03.564+0000][gc,heap,exit  ] Heap
[2024-02-18T18:50:03.566+0000][gc,heap,exit  ]  garbage-first heap   total 1048576K, used 165736K [0x00000000c0000000, 0x0000000100000000)
[2024-02-18T18:50:03.566+0000][gc,heap,exit  ]   region size 1024K, 23 young (23552K), 4 survivors (4096K)
[2024-02-18T18:50:03.566+0000][gc,heap,exit  ]  Metaspace       used 40594K, capacity 42668K, committed 42832K, reserved 1085440K
[2024-02-18T18:50:03.566+0000][gc,heap,exit  ]   class space    used 5246K, capacity 6233K, committed 6268K, reserved 1048576K
