[2024-02-18T19:03:42.150+0000][gc,heap] Heap region size: 1M
[2024-02-18T19:03:42.170+0000][gc     ] Using G1
[2024-02-18T19:03:42.170+0000][gc,heap,coops] Heap address: 0x00000000c0000000, size: 1024 MB, Compressed Oops mode: 32-bit
[2024-02-18T19:03:42.170+0000][gc,cds       ] Mark closed archive regions in map: [0x00000000fff00000, 0x00000000fff6bff8]
[2024-02-18T19:03:42.170+0000][gc,cds       ] Mark open archive regions in map: [0x00000000ffe00000, 0x00000000ffe47ff8]
[2024-02-18T19:03:43.443+0000][gc,start     ] GC(0) Pause Young (Normal) (G1 Evacuation Pause)
[2024-02-18T19:03:43.443+0000][gc,task      ] GC(0) Using 2 workers of 2 for evacuation
[2024-02-18T19:03:43.453+0000][gc,phases    ] GC(0)   Pre Evacuate Collection Set: 0.0ms
[2024-02-18T19:03:43.453+0000][gc,phases    ] GC(0)   Evacuate Collection Set: 9.4ms
[2024-02-18T19:03:43.453+0000][gc,phases    ] GC(0)   Post Evacuate Collection Set: 0.3ms
[2024-02-18T19:03:43.453+0000][gc,phases    ] GC(0)   Other: 0.4ms
[2024-02-18T19:03:43.453+0000][gc,heap      ] GC(0) Eden regions: 51->0(44)
[2024-02-18T19:03:43.453+0000][gc,heap      ] GC(0) Survivor regions: 0->7(7)
[2024-02-18T19:03:43.453+0000][gc,heap      ] GC(0) Old regions: 2->2
[2024-02-18T19:03:43.453+0000][gc,heap      ] GC(0) Humongous regions: 0->0
[2024-02-18T19:03:43.453+0000][gc,metaspace ] GC(0) Metaspace: 16803K(17536K)->16803K(17536K) NonClass: 14588K(15104K)->14588K(15104K) Class: 2214K(2432K)->2214K(2432K)
[2024-02-18T19:03:43.453+0000][gc           ] GC(0) Pause Young (Normal) (G1 Evacuation Pause) 51M->7M(1024M) 10.262ms
[2024-02-18T19:03:43.453+0000][gc,cpu       ] GC(0) User=0.02s Sys=0.00s Real=0.01s
[2024-02-18T19:03:43.742+0000][gc,start     ] GC(1) Pause Young (Concurrent Start) (Metadata GC Threshold)
[2024-02-18T19:03:43.742+0000][gc,task      ] GC(1) Using 2 workers of 2 for evacuation
[2024-02-18T19:03:43.752+0000][gc,phases    ] GC(1)   Pre Evacuate Collection Set: 0.1ms
[2024-02-18T19:03:43.752+0000][gc,phases    ] GC(1)   Evacuate Collection Set: 10.1ms
[2024-02-18T19:03:43.752+0000][gc,phases    ] GC(1)   Post Evacuate Collection Set: 0.3ms
[2024-02-18T19:03:43.752+0000][gc,phases    ] GC(1)   Other: 0.2ms
[2024-02-18T19:03:43.752+0000][gc,heap      ] GC(1) Eden regions: 16->0(50)
[2024-02-18T19:03:43.752+0000][gc,heap      ] GC(1) Survivor regions: 7->1(7)
[2024-02-18T19:03:43.752+0000][gc,heap      ] GC(1) Old regions: 2->9
[2024-02-18T19:03:43.752+0000][gc,heap      ] GC(1) Humongous regions: 0->0
[2024-02-18T19:03:43.752+0000][gc,metaspace ] GC(1) Metaspace: 20494K(21248K)->20494K(21248K) NonClass: 17723K(18176K)->17723K(18176K) Class: 2770K(3072K)->2770K(3072K)
[2024-02-18T19:03:43.752+0000][gc           ] GC(1) Pause Young (Concurrent Start) (Metadata GC Threshold) 22M->7M(1024M) 10.830ms
[2024-02-18T19:03:43.752+0000][gc,cpu       ] GC(1) User=0.02s Sys=0.00s Real=0.01s
[2024-02-18T19:03:43.753+0000][gc           ] GC(2) Concurrent Cycle
[2024-02-18T19:03:43.753+0000][gc,marking   ] GC(2) Concurrent Clear Claimed Marks
[2024-02-18T19:03:43.753+0000][gc,marking   ] GC(2) Concurrent Clear Claimed Marks 0.067ms
[2024-02-18T19:03:43.753+0000][gc,marking   ] GC(2) Concurrent Scan Root Regions
[2024-02-18T19:03:43.754+0000][gc,marking   ] GC(2) Concurrent Scan Root Regions 0.857ms
[2024-02-18T19:03:43.754+0000][gc,marking   ] GC(2) Concurrent Mark (1.608s)
[2024-02-18T19:03:43.754+0000][gc,marking   ] GC(2) Concurrent Mark From Roots
[2024-02-18T19:03:43.754+0000][gc,task      ] GC(2) Using 1 workers of 1 for marking
[2024-02-18T19:03:43.767+0000][gc,marking   ] GC(2) Concurrent Mark From Roots 13.119ms
[2024-02-18T19:03:43.767+0000][gc,marking   ] GC(2) Concurrent Preclean
[2024-02-18T19:03:43.768+0000][gc,marking   ] GC(2) Concurrent Preclean 0.253ms
[2024-02-18T19:03:43.768+0000][gc,marking   ] GC(2) Concurrent Mark (1.608s, 1.621s) 13.652ms
[2024-02-18T19:03:43.768+0000][gc,start     ] GC(2) Pause Remark
[2024-02-18T19:03:43.776+0000][gc,stringtable] GC(2) Cleaned string and symbol table, strings: 5436 processed, 0 removed, symbols: 51482 processed, 46 removed
[2024-02-18T19:03:43.776+0000][gc            ] GC(2) Pause Remark 8M->8M(1024M) 8.369ms
[2024-02-18T19:03:43.776+0000][gc,cpu        ] GC(2) User=0.02s Sys=0.00s Real=0.01s
[2024-02-18T19:03:43.776+0000][gc,marking    ] GC(2) Concurrent Rebuild Remembered Sets
[2024-02-18T19:03:43.782+0000][gc,marking    ] GC(2) Concurrent Rebuild Remembered Sets 5.662ms
[2024-02-18T19:03:43.782+0000][gc,start      ] GC(2) Pause Cleanup
[2024-02-18T19:03:43.783+0000][gc            ] GC(2) Pause Cleanup 8M->8M(1024M) 0.201ms
[2024-02-18T19:03:43.783+0000][gc,cpu        ] GC(2) User=0.00s Sys=0.00s Real=0.00s
[2024-02-18T19:03:43.783+0000][gc,marking    ] GC(2) Concurrent Cleanup for Next Mark
[2024-02-18T19:03:43.785+0000][gc,marking    ] GC(2) Concurrent Cleanup for Next Mark 2.768ms
[2024-02-18T19:03:43.786+0000][gc            ] GC(2) Concurrent Cycle 33.058ms
[2024-02-18T19:03:44.885+0000][gc,start      ] GC(3) Pause Young (Normal) (G1 Evacuation Pause)
[2024-02-18T19:03:44.885+0000][gc,task       ] GC(3) Using 2 workers of 2 for evacuation
[2024-02-18T19:03:44.892+0000][gc,phases     ] GC(3)   Pre Evacuate Collection Set: 0.0ms
[2024-02-18T19:03:44.892+0000][gc,phases     ] GC(3)   Evacuate Collection Set: 6.3ms
[2024-02-18T19:03:44.892+0000][gc,phases     ] GC(3)   Post Evacuate Collection Set: 0.3ms
[2024-02-18T19:03:44.892+0000][gc,phases     ] GC(3)   Other: 0.1ms
[2024-02-18T19:03:44.892+0000][gc,heap       ] GC(3) Eden regions: 50->0(46)
[2024-02-18T19:03:44.892+0000][gc,heap       ] GC(3) Survivor regions: 1->5(7)
[2024-02-18T19:03:44.892+0000][gc,heap       ] GC(3) Old regions: 9->9
[2024-02-18T19:03:44.892+0000][gc,heap       ] GC(3) Humongous regions: 129->129
[2024-02-18T19:03:44.892+0000][gc,metaspace  ] GC(3) Metaspace: 29105K(30208K)->29105K(30208K) NonClass: 25439K(26112K)->25439K(26112K) Class: 3666K(4096K)->3666K(4096K)
[2024-02-18T19:03:44.892+0000][gc            ] GC(3) Pause Young (Normal) (G1 Evacuation Pause) 186M->140M(1024M) 6.905ms
[2024-02-18T19:03:44.892+0000][gc,cpu        ] GC(3) User=0.01s Sys=0.00s Real=0.01s
[2024-02-18T19:03:45.557+0000][gc,start      ] GC(4) Pause Young (Concurrent Start) (Metadata GC Threshold)
[2024-02-18T19:03:45.557+0000][gc,task       ] GC(4) Using 2 workers of 2 for evacuation
[2024-02-18T19:03:45.576+0000][gc,phases     ] GC(4)   Pre Evacuate Collection Set: 0.1ms
[2024-02-18T19:03:45.576+0000][gc,phases     ] GC(4)   Evacuate Collection Set: 18.2ms
[2024-02-18T19:03:45.576+0000][gc,phases     ] GC(4)   Post Evacuate Collection Set: 0.3ms
[2024-02-18T19:03:45.576+0000][gc,phases     ] GC(4)   Other: 0.3ms
[2024-02-18T19:03:45.576+0000][gc,heap       ] GC(4) Eden regions: 24->0(49)
[2024-02-18T19:03:45.576+0000][gc,heap       ] GC(4) Survivor regions: 5->2(7)
[2024-02-18T19:03:45.576+0000][gc,heap       ] GC(4) Old regions: 9->13
[2024-02-18T19:03:45.576+0000][gc,heap       ] GC(4) Humongous regions: 129->129
[2024-02-18T19:03:45.576+0000][gc,metaspace  ] GC(4) Metaspace: 34529K(35840K)->34529K(35840K) NonClass: 30264K(30976K)->30264K(30976K) Class: 4264K(4864K)->4264K(4864K)
[2024-02-18T19:03:45.576+0000][gc            ] GC(4) Pause Young (Concurrent Start) (Metadata GC Threshold) 164M->142M(1024M) 19.739ms
[2024-02-18T19:03:45.576+0000][gc,cpu        ] GC(4) User=0.03s Sys=0.00s Real=0.02s
[2024-02-18T19:03:45.577+0000][gc            ] GC(5) Concurrent Cycle
[2024-02-18T19:03:45.577+0000][gc,marking    ] GC(5) Concurrent Clear Claimed Marks
[2024-02-18T19:03:45.577+0000][gc,marking    ] GC(5) Concurrent Clear Claimed Marks 0.108ms
[2024-02-18T19:03:45.577+0000][gc,marking    ] GC(5) Concurrent Scan Root Regions
[2024-02-18T19:03:45.579+0000][gc,marking    ] GC(5) Concurrent Scan Root Regions 2.527ms
[2024-02-18T19:03:45.579+0000][gc,marking    ] GC(5) Concurrent Mark (3.433s)
[2024-02-18T19:03:45.579+0000][gc,marking    ] GC(5) Concurrent Mark From Roots
[2024-02-18T19:03:45.579+0000][gc,task       ] GC(5) Using 1 workers of 1 for marking
[2024-02-18T19:03:45.608+0000][gc,marking    ] GC(5) Concurrent Mark From Roots 28.864ms
[2024-02-18T19:03:45.608+0000][gc,marking    ] GC(5) Concurrent Preclean
[2024-02-18T19:03:45.608+0000][gc,marking    ] GC(5) Concurrent Preclean 0.110ms
[2024-02-18T19:03:45.608+0000][gc,marking    ] GC(5) Concurrent Mark (3.433s, 3.462s) 29.082ms
[2024-02-18T19:03:45.609+0000][gc,start      ] GC(5) Pause Remark
[2024-02-18T19:03:45.613+0000][gc,stringtable] GC(5) Cleaned string and symbol table, strings: 10048 processed, 11 removed, symbols: 80320 processed, 26 removed
[2024-02-18T19:03:45.613+0000][gc            ] GC(5) Pause Remark 143M->143M(1024M) 4.847ms
[2024-02-18T19:03:45.613+0000][gc,cpu        ] GC(5) User=0.01s Sys=0.00s Real=0.00s
[2024-02-18T19:03:45.614+0000][gc,marking    ] GC(5) Concurrent Rebuild Remembered Sets
[2024-02-18T19:03:45.646+0000][gc,marking    ] GC(5) Concurrent Rebuild Remembered Sets 32.010ms
[2024-02-18T19:03:45.646+0000][gc,start      ] GC(5) Pause Cleanup
[2024-02-18T19:03:45.646+0000][gc            ] GC(5) Pause Cleanup 143M->143M(1024M) 0.174ms
[2024-02-18T19:03:45.646+0000][gc,cpu        ] GC(5) User=0.00s Sys=0.00s Real=0.00s
[2024-02-18T19:03:45.646+0000][gc,marking    ] GC(5) Concurrent Cleanup for Next Mark
[2024-02-18T19:03:45.684+0000][gc,marking    ] GC(5) Concurrent Cleanup for Next Mark 37.778ms
[2024-02-18T19:03:45.684+0000][gc            ] GC(5) Concurrent Cycle 107.518ms
[2024-02-18T19:06:22.822+0000][gc,heap,exit  ] Heap
[2024-02-18T19:06:22.822+0000][gc,heap,exit  ]  garbage-first heap   total 1048576K, used 196835K [0x00000000c0000000, 0x0000000100000000)
[2024-02-18T19:06:22.822+0000][gc,heap,exit  ]   region size 1024K, 42 young (43008K), 2 survivors (2048K)
[2024-02-18T19:06:22.822+0000][gc,heap,exit  ]  Metaspace       used 39610K, capacity 41680K, committed 41804K, reserved 1085440K
[2024-02-18T19:06:22.822+0000][gc,heap,exit  ]   class space    used 5188K, capacity 6180K, committed 6272K, reserved 1048576K
