[2024-02-18T19:06:52.241+0000][gc,heap] Heap region size: 1M
[2024-02-18T19:06:52.259+0000][gc     ] Using G1
[2024-02-18T19:06:52.259+0000][gc,heap,coops] Heap address: 0x00000000c0000000, size: 1024 MB, Compressed Oops mode: 32-bit
[2024-02-18T19:06:52.259+0000][gc,cds       ] Mark closed archive regions in map: [0x00000000fff00000, 0x00000000fff6bff8]
[2024-02-18T19:06:52.260+0000][gc,cds       ] Mark open archive regions in map: [0x00000000ffe00000, 0x00000000ffe47ff8]
[2024-02-18T19:06:53.559+0000][gc,start     ] GC(0) Pause Young (Normal) (G1 Evacuation Pause)
[2024-02-18T19:06:53.559+0000][gc,task      ] GC(0) Using 2 workers of 2 for evacuation
[2024-02-18T19:06:53.569+0000][gc,phases    ] GC(0)   Pre Evacuate Collection Set: 0.0ms
[2024-02-18T19:06:53.569+0000][gc,phases    ] GC(0)   Evacuate Collection Set: 9.9ms
[2024-02-18T19:06:53.569+0000][gc,phases    ] GC(0)   Post Evacuate Collection Set: 0.2ms
[2024-02-18T19:06:53.569+0000][gc,phases    ] GC(0)   Other: 0.3ms
[2024-02-18T19:06:53.569+0000][gc,heap      ] GC(0) Eden regions: 51->0(44)
[2024-02-18T19:06:53.569+0000][gc,heap      ] GC(0) Survivor regions: 0->7(7)
[2024-02-18T19:06:53.569+0000][gc,heap      ] GC(0) Old regions: 2->2
[2024-02-18T19:06:53.569+0000][gc,heap      ] GC(0) Humongous regions: 0->0
[2024-02-18T19:06:53.569+0000][gc,metaspace ] GC(0) Metaspace: 16296K(17024K)->16296K(17024K) NonClass: 14117K(14592K)->14117K(14592K) Class: 2178K(2432K)->2178K(2432K)
[2024-02-18T19:06:53.569+0000][gc           ] GC(0) Pause Young (Normal) (G1 Evacuation Pause) 51M->6M(1024M) 10.626ms
[2024-02-18T19:06:53.569+0000][gc,cpu       ] GC(0) User=0.02s Sys=0.00s Real=0.01s
[2024-02-18T19:06:53.857+0000][gc,start     ] GC(1) Pause Young (Concurrent Start) (Metadata GC Threshold)
[2024-02-18T19:06:53.858+0000][gc,task      ] GC(1) Using 2 workers of 2 for evacuation
[2024-02-18T19:06:53.870+0000][gc,phases    ] GC(1)   Pre Evacuate Collection Set: 0.1ms
[2024-02-18T19:06:53.870+0000][gc,phases    ] GC(1)   Evacuate Collection Set: 12.3ms
[2024-02-18T19:06:53.870+0000][gc,phases    ] GC(1)   Post Evacuate Collection Set: 0.2ms
[2024-02-18T19:06:53.870+0000][gc,phases    ] GC(1)   Other: 0.2ms
[2024-02-18T19:06:53.870+0000][gc,heap      ] GC(1) Eden regions: 18->0(50)
[2024-02-18T19:06:53.870+0000][gc,heap      ] GC(1) Survivor regions: 7->1(7)
[2024-02-18T19:06:53.870+0000][gc,heap      ] GC(1) Old regions: 2->9
[2024-02-18T19:06:53.870+0000][gc,heap      ] GC(1) Humongous regions: 0->0
[2024-02-18T19:06:53.870+0000][gc,metaspace ] GC(1) Metaspace: 20579K(21248K)->20579K(21248K) NonClass: 17809K(18176K)->17809K(18176K) Class: 2769K(3072K)->2769K(3072K)
[2024-02-18T19:06:53.870+0000][gc           ] GC(1) Pause Young (Concurrent Start) (Metadata GC Threshold) 24M->7M(1024M) 12.920ms
[2024-02-18T19:06:53.870+0000][gc,cpu       ] GC(1) User=0.01s Sys=0.00s Real=0.01s
[2024-02-18T19:06:53.871+0000][gc           ] GC(2) Concurrent Cycle
[2024-02-18T19:06:53.872+0000][gc,marking   ] GC(2) Concurrent Clear Claimed Marks
[2024-02-18T19:06:53.872+0000][gc,marking   ] GC(2) Concurrent Clear Claimed Marks 0.046ms
[2024-02-18T19:06:53.872+0000][gc,marking   ] GC(2) Concurrent Scan Root Regions
[2024-02-18T19:06:53.873+0000][gc,marking   ] GC(2) Concurrent Scan Root Regions 0.811ms
[2024-02-18T19:06:53.873+0000][gc,marking   ] GC(2) Concurrent Mark (1.635s)
[2024-02-18T19:06:53.873+0000][gc,marking   ] GC(2) Concurrent Mark From Roots
[2024-02-18T19:06:53.873+0000][gc,task      ] GC(2) Using 1 workers of 1 for marking
[2024-02-18T19:06:53.884+0000][gc,marking   ] GC(2) Concurrent Mark From Roots 11.604ms
[2024-02-18T19:06:53.884+0000][gc,marking   ] GC(2) Concurrent Preclean
[2024-02-18T19:06:53.884+0000][gc,marking   ] GC(2) Concurrent Preclean 0.072ms
[2024-02-18T19:06:53.884+0000][gc,marking   ] GC(2) Concurrent Mark (1.635s, 1.647s) 11.754ms
[2024-02-18T19:06:53.885+0000][gc,start     ] GC(2) Pause Remark
[2024-02-18T19:06:53.888+0000][gc,stringtable] GC(2) Cleaned string and symbol table, strings: 5457 processed, 0 removed, symbols: 51708 processed, 52 removed
[2024-02-18T19:06:53.888+0000][gc            ] GC(2) Pause Remark 8M->8M(1024M) 3.436ms
[2024-02-18T19:06:53.888+0000][gc,cpu        ] GC(2) User=0.00s Sys=0.00s Real=0.01s
[2024-02-18T19:06:53.888+0000][gc,marking    ] GC(2) Concurrent Rebuild Remembered Sets
[2024-02-18T19:06:53.893+0000][gc,marking    ] GC(2) Concurrent Rebuild Remembered Sets 4.446ms
[2024-02-18T19:06:53.893+0000][gc,start      ] GC(2) Pause Cleanup
[2024-02-18T19:06:53.893+0000][gc            ] GC(2) Pause Cleanup 8M->8M(1024M) 0.190ms
[2024-02-18T19:06:53.893+0000][gc,cpu        ] GC(2) User=0.00s Sys=0.00s Real=0.00s
[2024-02-18T19:06:53.893+0000][gc,marking    ] GC(2) Concurrent Cleanup for Next Mark
[2024-02-18T19:06:53.895+0000][gc,marking    ] GC(2) Concurrent Cleanup for Next Mark 1.988ms
[2024-02-18T19:06:53.895+0000][gc            ] GC(2) Concurrent Cycle 24.509ms
[2024-02-18T19:06:54.803+0000][gc,start      ] GC(3) Pause Young (Concurrent Start) (G1 Evacuation Pause)
[2024-02-18T19:06:54.803+0000][gc,task       ] GC(3) Using 2 workers of 2 for evacuation
[2024-02-18T19:06:54.816+0000][gc,phases     ] GC(3)   Pre Evacuate Collection Set: 0.1ms
[2024-02-18T19:06:54.816+0000][gc,phases     ] GC(3)   Evacuate Collection Set: 12.6ms
[2024-02-18T19:06:54.816+0000][gc,phases     ] GC(3)   Post Evacuate Collection Set: 0.7ms
[2024-02-18T19:06:54.816+0000][gc,phases     ] GC(3)   Other: 0.2ms
[2024-02-18T19:06:54.817+0000][gc,heap       ] GC(3) Eden regions: 50->0(46)
[2024-02-18T19:06:54.817+0000][gc,heap       ] GC(3) Survivor regions: 1->5(7)
[2024-02-18T19:06:54.817+0000][gc,heap       ] GC(3) Old regions: 9->9
[2024-02-18T19:06:54.817+0000][gc,heap       ] GC(3) Humongous regions: 129->129
[2024-02-18T19:06:54.817+0000][gc,metaspace  ] GC(3) Metaspace: 29072K(30208K)->29072K(30208K) NonClass: 25404K(26112K)->25404K(26112K) Class: 3667K(4096K)->3667K(4096K)
[2024-02-18T19:06:54.817+0000][gc            ] GC(3) Pause Young (Concurrent Start) (G1 Evacuation Pause) 186M->140M(1024M) 14.398ms
[2024-02-18T19:06:54.817+0000][gc,cpu        ] GC(3) User=0.02s Sys=0.00s Real=0.02s
[2024-02-18T19:06:54.817+0000][gc            ] GC(4) Concurrent Cycle
[2024-02-18T19:06:54.818+0000][gc,marking    ] GC(4) Concurrent Clear Claimed Marks
[2024-02-18T19:06:54.818+0000][gc,marking    ] GC(4) Concurrent Clear Claimed Marks 0.129ms
[2024-02-18T19:06:54.818+0000][gc,marking    ] GC(4) Concurrent Scan Root Regions
[2024-02-18T19:06:54.821+0000][gc,marking    ] GC(4) Concurrent Scan Root Regions 3.348ms
[2024-02-18T19:06:54.821+0000][gc,marking    ] GC(4) Concurrent Mark (2.584s)
[2024-02-18T19:06:54.821+0000][gc,marking    ] GC(4) Concurrent Mark From Roots
[2024-02-18T19:06:54.821+0000][gc,task       ] GC(4) Using 1 workers of 1 for marking
[2024-02-18T19:06:54.838+0000][gc,marking    ] GC(4) Concurrent Mark From Roots 16.903ms
[2024-02-18T19:06:54.838+0000][gc,marking    ] GC(4) Concurrent Preclean
[2024-02-18T19:06:54.838+0000][gc,marking    ] GC(4) Concurrent Preclean 0.070ms
[2024-02-18T19:06:54.838+0000][gc,marking    ] GC(4) Concurrent Mark (2.584s, 2.601s) 17.057ms
[2024-02-18T19:06:54.842+0000][gc,start      ] GC(4) Pause Remark
[2024-02-18T19:06:54.856+0000][gc,stringtable] GC(4) Cleaned string and symbol table, strings: 8428 processed, 10 removed, symbols: 67075 processed, 11 removed
[2024-02-18T19:06:54.857+0000][gc            ] GC(4) Pause Remark 141M->141M(1024M) 15.475ms
[2024-02-18T19:06:54.858+0000][gc,cpu        ] GC(4) User=0.01s Sys=0.00s Real=0.02s
[2024-02-18T19:06:54.858+0000][gc,marking    ] GC(4) Concurrent Rebuild Remembered Sets
[2024-02-18T19:06:54.871+0000][gc,marking    ] GC(4) Concurrent Rebuild Remembered Sets 13.424ms
[2024-02-18T19:06:54.882+0000][gc,start      ] GC(4) Pause Cleanup
[2024-02-18T19:06:54.883+0000][gc            ] GC(4) Pause Cleanup 141M->141M(1024M) 0.332ms
[2024-02-18T19:06:54.883+0000][gc,cpu        ] GC(4) User=0.00s Sys=0.00s Real=0.00s
[2024-02-18T19:06:54.883+0000][gc,marking    ] GC(4) Concurrent Cleanup for Next Mark
[2024-02-18T19:06:54.903+0000][gc,marking    ] GC(4) Concurrent Cleanup for Next Mark 20.289ms
[2024-02-18T19:06:54.903+0000][gc            ] GC(4) Concurrent Cycle 85.830ms
[2024-02-18T19:07:21.020+0000][gc,start      ] GC(5) Pause Young (Normal) (G1 Evacuation Pause)
[2024-02-18T19:07:21.020+0000][gc,task       ] GC(5) Using 2 workers of 2 for evacuation
[2024-02-18T19:07:21.048+0000][gc,mmu        ] GC(5) MMU target violated: 21.0ms (20.0ms/21.0ms)
[2024-02-18T19:07:21.048+0000][gc,phases     ] GC(5)   Pre Evacuate Collection Set: 0.0ms
[2024-02-18T19:07:21.048+0000][gc,phases     ] GC(5)   Evacuate Collection Set: 27.1ms
[2024-02-18T19:07:21.048+0000][gc,phases     ] GC(5)   Post Evacuate Collection Set: 0.5ms
[2024-02-18T19:07:21.048+0000][gc,phases     ] GC(5)   Other: 0.6ms
[2024-02-18T19:07:21.049+0000][gc,heap       ] GC(5) Eden regions: 46->0(47)
[2024-02-18T19:07:21.049+0000][gc,heap       ] GC(5) Survivor regions: 5->4(7)
[2024-02-18T19:07:21.049+0000][gc,heap       ] GC(5) Old regions: 9->13
[2024-02-18T19:07:21.049+0000][gc,heap       ] GC(5) Humongous regions: 147->129
[2024-02-18T19:07:21.049+0000][gc,metaspace  ] GC(5) Metaspace: 37894K(39808K)->37894K(39808K) NonClass: 33001K(34048K)->33001K(34048K) Class: 4893K(5760K)->4893K(5760K)
[2024-02-18T19:07:21.049+0000][gc            ] GC(5) Pause Young (Normal) (G1 Evacuation Pause) 204M->143M(1024M) 29.459ms
[2024-02-18T19:07:21.049+0000][gc,cpu        ] GC(5) User=0.02s Sys=0.00s Real=0.03s
[2024-02-18T19:08:05.860+0000][gc,heap,exit  ] Heap
[2024-02-18T19:08:05.860+0000][gc,heap,exit  ]  garbage-first heap   total 1048576K, used 187672K [0x00000000c0000000, 0x0000000100000000)
[2024-02-18T19:08:05.860+0000][gc,heap,exit  ]   region size 1024K, 45 young (46080K), 4 survivors (4096K)
[2024-02-18T19:08:05.860+0000][gc,heap,exit  ]  Metaspace       used 39485K, capacity 41461K, committed 41728K, reserved 1085440K
[2024-02-18T19:08:05.860+0000][gc,heap,exit  ]   class space    used 5126K, capacity 6063K, committed 6144K, reserved 1048576K
